[Licensing::Module] Trying to connect to existing licensing client channel...
Built from '6000.3/staging' branch; Version is '6000.3.15f1 (c1aa84e375f6) revision 12692100'; Using compiler version '194234433'; Build Type 'Release'
OS: 'Windows 11  (10.0.26200) Core' Language: 'en' Physical Memory: 32346 MB
[Licensing::IpcConnector] Successfully connected to: "LicenseClient-penda" at "2026-09-10T09:14:35.1642869Z"
BatchMode: 1, IsHumanControllingUs: 0, StartBugReporterOnCrash: 0, Is64bit: 1
System  architecture: x64
Process architecture: x64
Date: 2026-09-10T09:14:35Z

COMMAND LINE ARGUMENTS:
C:\Program Files\Unity\Hub\Editor\6000.3.15f1\Editor\Unity.exe
-adb2
-batchMode
-noUpm
-name
AssetImportWorker3
-projectPath
C:/Users/penda/Documents/GitHub/Evaluating_Technologies/Input Controllers
-logFile
Logs/AssetImportWorker3.log
-srvPort
50878
-licensingIpc
LicenseClient-penda
-job-worker-count
7
-background-job-worker-count
8
-gc-helper-count
1
-name
AssetImport
Successfully changed project path to: C:/Users/penda/Documents/GitHub/Evaluating_Technologies/Input Controllers
C:/Users/penda/Documents/GitHub/Evaluating_Technologies/Input Controllers
[UnityMemory] Configuration Parameters - Can be set up in boot.config
    "memorysetup-temp-allocator-size-nav-mesh-worker=65536"
    "memorysetup-temp-allocator-size-audio-worker=65536"
    "memorysetup-temp-allocator-size-gfx=262144"
    "memorysetup-allocator-temp-initial-block-size-main=262144"
    "memorysetup-allocator-temp-initial-block-size-worker=262144"
    "memorysetup-temp-allocator-size-background-worker=32768"
    "memorysetup-temp-allocator-size-job-worker=262144"
    "memorysetup-temp-allocator-size-preload-manager=33554432"
    "memorysetup-temp-allocator-size-gi-baking-worker=262144"
    "memorysetup-temp-allocator-size-gi-baking-worker=262144"
    "memorysetup-temp-allocator-size-gi-baking-worker=262144"
    "memorysetup-temp-allocator-size-gi-baking-worker=262144"
    "memorysetup-temp-allocator-size-gi-baking-worker=262144"
    "memorysetup-bucket-allocator-granularity=16"
    "memorysetup-bucket-allocator-bucket-count=8"
    "memorysetup-bucket-allocator-block-size=33554432"
    "memorysetup-bucket-allocator-block-count=8"
    "memorysetup-main-allocator-block-size=16777216"
    "memorysetup-thread-allocator-block-size=16777216"
    "memorysetup-gfx-main-allocator-block-size=16777216"
    "memorysetup-gfx-thread-allocator-block-size=16777216"
    "memorysetup-cache-allocator-block-size=4194304"
    "memorysetup-typetree-allocator-block-size=2097152"
    "memorysetup-profiler-bucket-allocator-granularity=16"
    "memorysetup-profiler-bucket-allocator-bucket-count=8"
    "memorysetup-profiler-bucket-allocator-block-size=33554432"
    "memorysetup-profiler-bucket-allocator-block-count=8"
    "memorysetup-profiler-allocator-block-size=16777216"
    "memorysetup-profiler-editor-allocator-block-size=1048576"
    "memorysetup-temp-allocator-size-main=16777216"
    "memorysetup-job-temp-allocator-block-size=2097152"
    "memorysetup-job-temp-allocator-block-size-background=1048576"
    "memorysetup-job-temp-allocator-reduction-small-platforms=262144"
    "memorysetup-temp-allocator-size-cloud-worker=32768"
Player connection [32716]  Target information:

Player connection [32716]  * "[IP] 192.168.0.17 [Port] 0 [Flags] 2 [Guid] 2412664950 [EditorId] 2412664950 [Version] 1048832 [Id] WindowsEditor(7,BigLug) [Debug] 1 [PackageName] WindowsEditor [ProjectName] Editor" 

Player connection [32716] Host joined multi-casting on [225.0.0.222:54997]...
Player connection [32716] Host joined alternative multi-casting on [225.0.0.222:34997]...
JobSystem: Creating JobQueue using job-worker-count value 7
Input System module state changed to: Initialized.
[Physics::Module] Initialized fallback backend.
[Physics::Module] Id: 0xdecafbad
Library Redirect Path: Library/
[Physics::Module] Selected backend.
[Physics::Module] Name: PhysX
[Physics::Module] Id: 0xf2b8ea05
[Physics::Module] SDK Version: 4.1.2
[Physics::Module] Integration Version: 1.0.0
[Physics::Module] Threading Mode: Multi-Threaded
Refreshing native plugins compatible for Editor in 5.08 ms, found 5 plugins.
Preloading 0 native plugins for Editor in 0.00 ms.
Initialize engine version: 6000.3.15f1 (c1aa84e375f6)
[Subsystems] Discovering subsystems at path C:/Program Files/Unity/Hub/Editor/6000.3.15f1/Editor/Data/Resources/UnitySubsystems
[Subsystems] Discovering subsystems at path C:/Users/penda/Documents/GitHub/Evaluating_Technologies/Input Controllers/Assets
GfxDevice: creating device client; kGfxThreadingModeNonThreaded
Direct3D:
    Version:  Direct3D 11.0 [level 11.1]
    Renderer: NVIDIA GeForce RTX 5070 (ID=0x2f04)
    Vendor:   NVIDIA
    VRAM:     11943 MB
    Driver:   32.0.16.1047
Initialize mono
Mono path[0] = 'C:/Program Files/Unity/Hub/Editor/6000.3.15f1/Editor/Data/Managed'
Mono path[1] = 'C:/Program Files/Unity/Hub/Editor/6000.3.15f1/Editor/Data/MonoBleedingEdge/lib/mono/unityjit-win32'
Mono config path = 'C:/Program Files/Unity/Hub/Editor/6000.3.15f1/Editor/Data/MonoBleedingEdge/etc'
Using monoOptions --debugger-agent=transport=dt_socket,embedding=1,server=y,suspend=n,address=127.0.0.1:56060
Begin MonoManager ReloadAssembly
Registering precompiled unity dll's ...
Register platform support module: C:/Program Files/Unity/Hub/Editor/6000.3.15f1/Editor/Data/PlaybackEngines/WebGLSupport/UnityEditor.WebGL.Extensions.dll
Register platform support module: C:/Program Files/Unity/Hub/Editor/6000.3.15f1/Editor/Data/PlaybackEngines/WindowsStandaloneSupport/UnityEditor.WindowsStandalone.Extensions.dll
[Licensing::Module] Licensing is not yet initialized.
[Licensing::Client] Error: HandshakeResponse reported an error:
	ResponseCode: 505
	ResponseStatus: Unsupported protocol version '1.18.1'.
[Licensing::Module] Error: Failed to handshake to channel: "LicenseClient-penda"
[Licensing::IpcConnector] LicenseClient-penda channel disconnected successfully.
[Licensing::IpcConnector] Successfully connected to: "LicenseClient-penda-6000.3.15" at "2026-09-10T09:14:36.3599422Z"
[Licensing::Client] Code 10 while verifying Licensing Client signature (process Id: 3896, path: "C:/Program Files/Unity/Hub/Editor/6000.3.15f1/Editor/Data/Resources/Licensing/Client/Unity.Licensing.Client.exe")
[Licensing::Module] LicensingClient has failed validation; ignoring
[Licensing::Client] Handshaking with LicensingClient:
  Version:                 1.18.1+9fbee8e
  Session Id:              92d74b5b4413467b962242ad05c5fc15
  Correlation Id:          9010bf51586e7578c8c1fdca4b900a29
  External correlation Id: 4356304313271117323
  Machine Id:              l/GpJj1ofgx/kXnalUV5UWkiK00=
[Licensing::Module] Successfully connected to LicensingClient on channel: "LicenseClient-penda-6000.3.15" (connect: 0.00s, validation: 0.00s, handshake: 0.01s)
[Licensing::IpcConnector] Successfully connected to: "LicenseClient-penda-6000.3.15-notifications" at "2026-09-10T09:14:36.3662587Z"
[Licensing::Module] Licensing Background thread has ended after 1.20s
[Licensing::Module] Licensing is initialized (took 0.45s).
[Licensing::Client] Successfully resolved entitlement details
[Licensing::Module] License group:
  Id: 135508-UnityPersXXXX
  Product: Unity Personal
  Type: Assigned
  Expiration: Unlimited
Register platform support module: C:/Program Files/Unity/Hub/Editor/6000.3.15f1/Editor/Data/PlaybackEngines/MetroSupport/UnityEditor.UWP.Extensions.dll
[Licensing::Client] Successfully resolved entitlement details
Register platform support module: C:/Program Files/Unity/Hub/Editor/6000.3.15f1/Editor/Data/PlaybackEngines/AndroidPlayer/UnityEditor.Android.Extensions.dll
Registered in 0.452084 seconds.
- Loaded All Assemblies, in  0.872 seconds
Native extension for Android target not found
Native extension for UWP target not found
Native extension for WindowsStandalone target not found
Native extension for WebGL target not found
Package Manager log level set to [2]
[Package Manager] Failed to launch server process. Reason: Unity was launched with the -noUpm command-line argument
[Package Manager] Unable to send message (not connected to server process).
[Package Manager] Cannot connect to Unity Package Manager local server
ScheduleIndexationOnStartup MainProcess:False IndexOnStartup:True
Mono: successfully reloaded assembly
- Finished resetting the current domain, in  0.311 seconds
Domain Reload Profiling: 1180ms
	BeginReloadAssembly (128ms)
		ExecutionOrderSort (0ms)
		DisableScriptedObjects (0ms)
		BackupInstance (0ms)
		ReleaseScriptingObjects (0ms)
		CreateAndSetChildDomain (1ms)
	RebuildCommonClasses (39ms)
	RebuildNativeTypeToScriptingClass (15ms)
	initialDomainReloadingComplete (495ms)
	LoadAllAssembliesAndSetupDomain (191ms)
		LoadAssemblies (124ms)
		RebuildTransferFunctionScriptingTraits (0ms)
		AnalyzeDomain (188ms)
			TypeCache.Refresh (186ms)
				TypeCache.ScanAssembly (176ms)
			BuildScriptInfoCaches (0ms)
			ResolveRequiredComponents (0ms)
	FinalizeReload (311ms)
		ReleaseScriptCaches (0ms)
		RebuildScriptCaches (0ms)
		SetupLoadedEditorAssemblies (277ms)
			LogAssemblyErrors (0ms)
			InitializePlatformSupportModulesInManaged (48ms)
			SetLoadedEditorAssemblies (3ms)
			BeforeProcessingInitializeOnLoad (61ms)
			ProcessInitializeOnLoadAttributes (98ms)
			ProcessInitializeOnLoadMethodAttributes (67ms)
			AfterProcessingInitializeOnLoad (0ms)
			EditorAssembliesLoaded (0ms)
		ExecutionOrderSort2 (0ms)
		AwakeInstancesAfterBackupRestoration (0ms)
========================================================================
Worker process is ready to serve import requests
Import Worker Mode flag is 0x00
Begin MonoManager ReloadAssembly
[Licensing::Client] Successfully resolved entitlement details
- Loaded All Assemblies, in  0.648 seconds
Refreshing native plugins compatible for Editor in 2.48 ms, found 5 plugins.
Native extension for Android target not found
Native extension for UWP target not found
Native extension for WindowsStandalone target not found
Native extension for WebGL target not found
[Package Manager] Failed to launch server process. Reason: Unity was launched with the -noUpm command-line argument
[Package Manager] Unable to send message (not connected to server process).
[Package Manager] Cannot connect to Unity Package Manager local server
Refreshing native plugins compatible for Editor in 3.22 ms, found 5 plugins.
[Package Manager] Failed to launch server process. Reason: Unity was launched with the -noUpm command-line argument
[Package Manager] Unable to send message (not connected to server process).
[Package Manager] Cannot connect to Unity Package Manager local server
ScheduleIndexationOnStartup MainProcess:False IndexOnStartup:True
Mono: successfully reloaded assembly
- Finished resetting the current domain, in  0.561 seconds
Domain Reload Profiling: 1202ms
	BeginReloadAssembly (147ms)
		ExecutionOrderSort (0ms)
		DisableScriptedObjects (4ms)
		BackupInstance (0ms)
		ReleaseScriptingObjects (0ms)
		CreateAndSetChildDomain (29ms)
	RebuildCommonClasses (27ms)
	RebuildNativeTypeToScriptingClass (10ms)
	initialDomainReloadingComplete (34ms)
	LoadAllAssembliesAndSetupDomain (423ms)
		LoadAssemblies (323ms)
		RebuildTransferFunctionScriptingTraits (0ms)
		AnalyzeDomain (179ms)
			TypeCache.Refresh (128ms)
				TypeCache.ScanAssembly (116ms)
			BuildScriptInfoCaches (45ms)
			ResolveRequiredComponents (3ms)
	FinalizeReload (561ms)
		ReleaseScriptCaches (0ms)
		RebuildScriptCaches (0ms)
		SetupLoadedEditorAssemblies (478ms)
			LogAssemblyErrors (0ms)
			InitializePlatformSupportModulesInManaged (8ms)
			SetLoadedEditorAssemblies (4ms)
			BeforeProcessingInitializeOnLoad (112ms)
			ProcessInitializeOnLoadAttributes (292ms)
			ProcessInitializeOnLoadMethodAttributes (54ms)
			AfterProcessingInitializeOnLoad (8ms)
			EditorAssembliesLoaded (0ms)
		ExecutionOrderSort2 (0ms)
		AwakeInstancesAfterBackupRestoration (6ms)
Launched and connected shader compiler UnityShaderCompiler.exe after 0.02 seconds
Refreshing native plugins compatible for Editor in 4.51 ms, found 5 plugins.
Preloading 0 native plugins for Editor in 0.00 ms.
Unloading 0 Unused Serialized files (Serialized files now loaded: 0)
Unloading 5272 unused Assets / (2.2 MB). Loaded Objects now: 5847.
Memory consumption went from 102.2 MB to 99.9 MB.
Total: 8.790200 ms (FindLiveObjects: 0.469800 ms CreateObjectMapping: 0.356200 ms MarkObjects: 6.057400 ms  DeleteObjects: 1.905200 ms)

========================================================================
Received Import Request.
  Time since last request: 2971.532378 seconds.
  path: Assets/MDXGames_Textures/buttons/Right_Thumb_Move.png
  artifactKey: Guid(ee945deaa3d08904a95c78d9efade466) Importer(2089858483,b0f066a214c2f5e87bad3c948f4d605d)
Start importing Assets/MDXGames_Textures/buttons/Right_Thumb_Move.png using Guid(ee945deaa3d08904a95c78d9efade466) Importer(2089858483,b0f066a214c2f5e87bad3c948f4d605d) (ScriptedImporter) -> (artifact id: '94a68b0d264aa1409a8587df8b681b71') in 0.1048968 seconds
Number of updated asset objects reloaded before import = 0Number of asset objects unloaded after import = 3

========================================================================
Received Import Request.
  Time since last request: 0.000021 seconds.
  path: Assets/Scenes/Xbox_Controller.unity
  artifactKey: Guid(c8e6c462a83544d4d85df983fed8bf04) Importer(2089858483,b0f066a214c2f5e87bad3c948f4d605d)
Start importing Assets/Scenes/Xbox_Controller.unity using Guid(c8e6c462a83544d4d85df983fed8bf04) Importer(2089858483,b0f066a214c2f5e87bad3c948f4d605d) (ScriptedImporter) -> (artifact id: 'f5ac66f31e344815197e57d4c6260ae0') in 0.0068886 seconds
Number of updated asset objects reloaded before import = 0Number of asset objects unloaded after import = 1

========================================================================
Received Import Request.
  Time since last request: 0.000084 seconds.
  path: Assets/MDXGames_Textures/Squares/Square_Grey.png
  artifactKey: Guid(7cab09b412b67cb40a1d1142826f3b9f) Importer(2089858483,b0f066a214c2f5e87bad3c948f4d605d)
Start importing Assets/MDXGames_Textures/Squares/Square_Grey.png using Guid(7cab09b412b67cb40a1d1142826f3b9f) Importer(2089858483,b0f066a214c2f5e87bad3c948f4d605d) (ScriptedImporter) -> (artifact id: 'c91109c225ef133fe286a8fcfe582b12') in 0.0086905 seconds
Number of updated asset objects reloaded before import = 0Number of asset objects unloaded after import = 3

========================================================================
Received Import Request.
  Time since last request: 0.000017 seconds.
  path: Assets/Prefabs/Red_Bullet.prefab
  artifactKey: Guid(896fe5372e6cfd246819d915d2487f79) Importer(2089858483,b0f066a214c2f5e87bad3c948f4d605d)
Start importing Assets/Prefabs/Red_Bullet.prefab using Guid(896fe5372e6cfd246819d915d2487f79) Importer(2089858483,b0f066a214c2f5e87bad3c948f4d605d) (ScriptedImporter) -> (artifact id: '4d98410a25f3d8be6ef95eaa31fff86a') in 0.0415477 seconds
Number of updated asset objects reloaded before import = 0Number of asset objects unloaded after import = 10

========================================================================
Received Import Request.
  Time since last request: 0.000017 seconds.
  path: Assets/MDXGames_Textures/Circles/Circle_Yellow.png
  artifactKey: Guid(1c912768bbd77b844a4370378e21dedd) Importer(2089858483,b0f066a214c2f5e87bad3c948f4d605d)
Start importing Assets/MDXGames_Textures/Circles/Circle_Yellow.png using Guid(1c912768bbd77b844a4370378e21dedd) Importer(2089858483,b0f066a214c2f5e87bad3c948f4d605d) (ScriptedImporter) -> (artifact id: '264bc94eb16445f598d7c96be9176ccc') in 0.0077579 seconds
Number of updated asset objects reloaded before import = 0Number of asset objects unloaded after import = 3

========================================================================
Received Import Request.
  Time since last request: 0.000013 seconds.
  path: Assets/MDXGames_Textures/button100/Highlight_RTMove.png
  artifactKey: Guid(6932b5d89e203384992daba64d3880f1) Importer(2089858483,b0f066a214c2f5e87bad3c948f4d605d)
Start importing Assets/MDXGames_Textures/button100/Highlight_RTMove.png using Guid(6932b5d89e203384992daba64d3880f1) Importer(2089858483,b0f066a214c2f5e87bad3c948f4d605d) (ScriptedImporter) -> (artifact id: '7df716b6f72db76bb3d832dfa942105a') in 0.0066612 seconds
Number of updated asset objects reloaded before import = 0Number of asset objects unloaded after import = 3

========================================================================
Received Import Request.
  Time since last request: 0.000015 seconds.
  path: Assets/MDXGames_Textures/Circles/Circle_Green.png
  artifactKey: Guid(4609bef58f71c6a4f90694493eb095b0) Importer(2089858483,b0f066a214c2f5e87bad3c948f4d605d)
Start importing Assets/MDXGames_Textures/Circles/Circle_Green.png using Guid(4609bef58f71c6a4f90694493eb095b0) Importer(2089858483,b0f066a214c2f5e87bad3c948f4d605d) (ScriptedImporter) -> (artifact id: 'd5fb7cc17b16d69864491451aaa88cde') in 0.0070165 seconds
Number of updated asset objects reloaded before import = 0Number of asset objects unloaded after import = 3

========================================================================
Received Import Request.
  Time since last request: 0.000014 seconds.
  path: Assets/MDXGames_Textures/Circles/Circle_Blue.png
  artifactKey: Guid(42aa25202d70af54b87be1da7d02f7d9) Importer(2089858483,b0f066a214c2f5e87bad3c948f4d605d)
Start importing Assets/MDXGames_Textures/Circles/Circle_Blue.png using Guid(42aa25202d70af54b87be1da7d02f7d9) Importer(2089858483,b0f066a214c2f5e87bad3c948f4d605d) (ScriptedImporter) -> (artifact id: '071873e4ccc2575e93e0ee01978616dc') in 0.0072953 seconds
Number of updated asset objects reloaded before import = 0Number of asset objects unloaded after import = 3

========================================================================
Received Import Request.
  Time since last request: 0.000019 seconds.
  path: Assets/MDXGames_Textures/Triangles/Triangle_Blue.png
  artifactKey: Guid(4df7ff4d515ab9746a40bbbb1f634ef8) Importer(2089858483,b0f066a214c2f5e87bad3c948f4d605d)
Start importing Assets/MDXGames_Textures/Triangles/Triangle_Blue.png using Guid(4df7ff4d515ab9746a40bbbb1f634ef8) Importer(2089858483,b0f066a214c2f5e87bad3c948f4d605d) (ScriptedImporter) -> (artifact id: '597aca40c0e22e98aaa4ba14961ad24c') in 0.0073381 seconds
Number of updated asset objects reloaded before import = 0Number of asset objects unloaded after import = 3

========================================================================
Received Import Request.
  Time since last request: 0.000015 seconds.
  path: Assets/MDXGames_Textures/Pawns/Pawn_Yellow.png
  artifactKey: Guid(c3c8b52e505e8524d848292e841dd73a) Importer(2089858483,b0f066a214c2f5e87bad3c948f4d605d)
Start importing Assets/MDXGames_Textures/Pawns/Pawn_Yellow.png using Guid(c3c8b52e505e8524d848292e841dd73a) Importer(2089858483,b0f066a214c2f5e87bad3c948f4d605d) (ScriptedImporter) -> (artifact id: 'ee0fb28e74d4482c1408ef4034be2035') in 0.0068929 seconds
Number of updated asset objects reloaded before import = 0Number of asset objects unloaded after import = 3

========================================================================
Received Import Request.
  Time since last request: 0.000017 seconds.
  path: Assets/MDXGames_Textures/Bullets/Red_Bullet.png
  artifactKey: Guid(46bef536075e70f46a9edbe02675422a) Importer(2089858483,b0f066a214c2f5e87bad3c948f4d605d)
Start importing Assets/MDXGames_Textures/Bullets/Red_Bullet.png using Guid(46bef536075e70f46a9edbe02675422a) Importer(2089858483,b0f066a214c2f5e87bad3c948f4d605d) (ScriptedImporter) -> (artifact id: '8f751fec54cb0082e8c315f980354167') in 0.0067974 seconds
Number of updated asset objects reloaded before import = 0Number of asset objects unloaded after import = 3

========================================================================
Received Import Request.
  Time since last request: 0.000019 seconds.
  path: Assets/MDXGames_Textures/button100/Highlight_RBumper.png
  artifactKey: Guid(bfde2984798ba4643bc2f494f59a2923) Importer(2089858483,b0f066a214c2f5e87bad3c948f4d605d)
Start importing Assets/MDXGames_Textures/button100/Highlight_RBumper.png using Guid(bfde2984798ba4643bc2f494f59a2923) Importer(2089858483,b0f066a214c2f5e87bad3c948f4d605d) (ScriptedImporter) -> (artifact id: '6a878f005ea6f2b442b18bdae5ab47ad') in 0.007346 seconds
Number of updated asset objects reloaded before import = 0Number of asset objects unloaded after import = 3

========================================================================
Received Import Request.
  Time since last request: 0.000023 seconds.
  path: Assets/MDXGames_Textures/Pawns/Pawn_Blue.png
  artifactKey: Guid(35df7efc5631cfd47abfd7326e5e6b98) Importer(2089858483,b0f066a214c2f5e87bad3c948f4d605d)
Start importing Assets/MDXGames_Textures/Pawns/Pawn_Blue.png using Guid(35df7efc5631cfd47abfd7326e5e6b98) Importer(2089858483,b0f066a214c2f5e87bad3c948f4d605d) (ScriptedImporter) -> (artifact id: 'a11d5540028fa9f6586764c39217c628') in 0.0067336 seconds
Number of updated asset objects reloaded before import = 0Number of asset objects unloaded after import = 3

========================================================================
Received Import Request.
  Time since last request: 0.000013 seconds.
  path: Assets/MDXGames_Textures/button100/YButton.png
  artifactKey: Guid(0cd7189f17700a64a8a23bd3e718d83b) Importer(2089858483,b0f066a214c2f5e87bad3c948f4d605d)
Start importing Assets/MDXGames_Textures/button100/YButton.png using Guid(0cd7189f17700a64a8a23bd3e718d83b) Importer(2089858483,b0f066a214c2f5e87bad3c948f4d605d) (ScriptedImporter) -> (artifact id: '4e5ed439bbc114715ad467f987a43c95') in 0.0063433 seconds
Number of updated asset objects reloaded before import = 0Number of asset objects unloaded after import = 3

========================================================================
Received Import Request.
  Time since last request: 0.000019 seconds.
  path: Assets/MDXGames_Textures/button100/XButton.png
  artifactKey: Guid(b876709567af7c2448f7b629c86cce86) Importer(2089858483,b0f066a214c2f5e87bad3c948f4d605d)
Start importing Assets/MDXGames_Textures/button100/XButton.png using Guid(b876709567af7c2448f7b629c86cce86) Importer(2089858483,b0f066a214c2f5e87bad3c948f4d605d) (ScriptedImporter) -> (artifact id: 'fd1466623b8fce22f324f45153b2956d') in 0.0067145 seconds
Number of updated asset objects reloaded before import = 0Number of asset objects unloaded after import = 3

========================================================================
Received Import Request.
  Time since last request: 0.000013 seconds.
  path: Assets/MDXGames_Textures/buttons/View_Back.png
  artifactKey: Guid(ebcac15846867e54fbecc1a1f2b354e4) Importer(2089858483,b0f066a214c2f5e87bad3c948f4d605d)
Start importing Assets/MDXGames_Textures/buttons/View_Back.png using Guid(ebcac15846867e54fbecc1a1f2b354e4) Importer(2089858483,b0f066a214c2f5e87bad3c948f4d605d) (ScriptedImporter) -> (artifact id: '743437f412adc42feb4b716e3f0d587c') in 0.0070042 seconds
Number of updated asset objects reloaded before import = 0Number of asset objects unloaded after import = 3

========================================================================
Received Import Request.
  Time since last request: 0.000019 seconds.
  path: Assets/MDXGames_Textures/button100/Highlight_LBumper.png
  artifactKey: Guid(6e8a4b465026b314eae4df1e5e2d1f55) Importer(2089858483,b0f066a214c2f5e87bad3c948f4d605d)
Start importing Assets/MDXGames_Textures/button100/Highlight_LBumper.png using Guid(6e8a4b465026b314eae4df1e5e2d1f55) Importer(2089858483,b0f066a214c2f5e87bad3c948f4d605d) (ScriptedImporter) -> (artifact id: 'bf92c8bb3b2713f6165afde9e9a47b5d') in 0.0073686 seconds
Number of updated asset objects reloaded before import = 0Number of asset objects unloaded after import = 3

========================================================================
Received Import Request.
  Time since last request: 0.000019 seconds.
  path: Assets/MDXGames_Textures/buttons-wip.png
  artifactKey: Guid(5c7da42c50741134798a68a91fd6e706) Importer(2089858483,b0f066a214c2f5e87bad3c948f4d605d)
Start importing Assets/MDXGames_Textures/buttons-wip.png using Guid(5c7da42c50741134798a68a91fd6e706) Importer(2089858483,b0f066a214c2f5e87bad3c948f4d605d) (ScriptedImporter) -> (artifact id: '780b5d22db6a7cfe42d45aa77d8b6ba4') in 0.0073473 seconds
Number of updated asset objects reloaded before import = 0Number of asset objects unloaded after import = 3

========================================================================
Received Import Request.
  Time since last request: 0.000021 seconds.
  path: Assets/MDXGames_Textures/buttons/Left_Trigger.png
  artifactKey: Guid(17ee0533c64c01a4aabb92c7b892ce70) Importer(2089858483,b0f066a214c2f5e87bad3c948f4d605d)
Start importing Assets/MDXGames_Textures/buttons/Left_Trigger.png using Guid(17ee0533c64c01a4aabb92c7b892ce70) Importer(2089858483,b0f066a214c2f5e87bad3c948f4d605d) (ScriptedImporter) -> (artifact id: '02f99ee3780aa5c0bbdb9472a04052fb') in 0.0069074 seconds
Number of updated asset objects reloaded before import = 0Number of asset objects unloaded after import = 3

========================================================================
Received Import Request.
  Time since last request: 0.000015 seconds.
  path: Assets/MDXGames_Textures/Stars/Star_Grey.png
  artifactKey: Guid(ba041bf3f59bf6948a59222b17069917) Importer(2089858483,b0f066a214c2f5e87bad3c948f4d605d)
Start importing Assets/MDXGames_Textures/Stars/Star_Grey.png using Guid(ba041bf3f59bf6948a59222b17069917) Importer(2089858483,b0f066a214c2f5e87bad3c948f4d605d) (ScriptedImporter) -> (artifact id: '3f0b52233d87ba49d4e442036c0a5982') in 0.0068371 seconds
Number of updated asset objects reloaded before import = 0Number of asset objects unloaded after import = 3

========================================================================
Received Import Request.
  Time since last request: 0.000019 seconds.
  path: Assets/MDXGames_Textures/button100/RTPress.png
  artifactKey: Guid(96a719b1bf89dd141b5b73d4991cfc10) Importer(2089858483,b0f066a214c2f5e87bad3c948f4d605d)
Start importing Assets/MDXGames_Textures/button100/RTPress.png using Guid(96a719b1bf89dd141b5b73d4991cfc10) Importer(2089858483,b0f066a214c2f5e87bad3c948f4d605d) (ScriptedImporter) -> (artifact id: '6517a1f17fb6ad4e444c31550652b972') in 0.0066228 seconds
Number of updated asset objects reloaded before import = 0Number of asset objects unloaded after import = 3

Editor requested this worker to shutdown with reason: Scaling down because of idle timeout
AssetImportWorker is now disconnected from the server
Process exiting
Exiting without the bug reporter. Application will terminate with return code 0